---
module: security
type: guard_node
dependencies: [src/core, src/memory]
status: stable
---

# AGENTS.ans: Security

This document provides a guide for AI agents developing the Security module for the Total Recall System.

## 1. Objective
To handle the secure storage and management of API keys and other sensitive data.

## 2. Key Responsibilities

### 2.1. API Key Management
- Securely store and retrieve API keys for LLM services.
- Use a library like `keyring` to store keys in the system's keychain.
- Provide a command-line interface for adding and removing API keys.

### 2.2. Data Encryption
- Implement encryption for any sensitive data that is stored locally.
- Use a strong encryption algorithm like AES-256.

## 3. Neuro-Symbolic System Architecture (Signal Intelligence)

<system_graph>
  <entities>
    <entity id="Security_Manager" type="Guard" />
    <entity id="Memory_Store" type="Semantic_Memory_DB" />
  </entities>
  <relationships>
    <relationship source="Security_Manager" target="Memory_Store" type="protects" />
  </relationships>
  <signal_flows>
    <flow id="Secure_Access">
      <step>LLM_Agent requests sensitive operation.</step>
      <step>Security_Manager validates keys and policies.</step>
      <step>Operation is permitted or denied, preventing unauthorized signal leakage.</step>
    </flow>
  </signal_flows>
</system_graph>

## 4. Guiding Principles

- **Principle of Least Privilege:** The module should only have access to the data that it needs to perform its functions.
- **Secure by Default:** The module should be secure by default and should not require any special configuration to be secure.
